[{"addr":65,"line":15},
{"addr":66,"line":16},
{"addr":67,"line":17},
{"addr":68,"line":18},
{"addr":69,"line":19},
{"addr":70,"line":20},
{"addr":72,"line":21},
{"addr":73,"line":22},
{"addr":74,"line":23},
{"addr":76,"line":24},
{"addr":77,"line":25},
{"addr":78,"line":26},
{"addr":80,"line":27},
{"addr":81,"line":28},
{"addr":82,"line":29},
{"addr":83,"line":30},
{"addr":85,"line":33},
{"addr":86,"line":34},
{"addr":87,"line":35},
{"addr":88,"line":36},
{"addr":89,"line":37},
{"addr":90,"line":38},
{"addr":91,"line":39},
{"addr":92,"line":41},
{"addr":93,"line":42},
{"addr":94,"line":43},
{"addr":95,"line":44},
{"addr":97,"line":45},
{"addr":98,"line":46},
{"addr":99,"line":49},
{"addr":100,"line":50},
{"addr":101,"line":51},
{"addr":102,"line":52},
{"addr":103,"line":53},
{"addr":104,"line":54},
{"addr":105,"line":55},
{"addr":106,"line":57},
{"addr":108,"line":58},
{"addr":110,"line":59},
{"addr":111,"line":60},
{"addr":112,"line":61},
{"addr":113,"line":62},
{"addr":114,"line":65},
{"addr":115,"line":66},
{"addr":116,"line":67},
{"addr":117,"line":68},
{"addr":118,"line":69},
{"addr":119,"line":70},
{"addr":120,"line":71},
{"addr":121,"line":72},
{"addr":122,"line":73},
{"addr":123,"line":76},
{"addr":124,"line":77},
{"addr":125,"line":78},
{"addr":126,"line":79},
{"addr":127,"line":80},
{"addr":128,"line":81},
{"addr":129,"line":82},
{"addr":130,"line":83},
{"addr":131,"line":84},
{"addr":132,"line":87},
{"addr":133,"line":88},
{"addr":135,"line":89},
{"addr":136,"line":90},
{"addr":138,"line":91},
{"addr":139,"line":92},
{"addr":140,"line":93},
{"addr":142,"line":94},
{"addr":143,"line":95},
{"addr":145,"line":96},
{"addr":146,"line":97},
{"addr":147,"line":98},
{"addr":148,"line":99},
{"addr":149,"line":100},
{"addr":150,"line":101},
{"addr":151,"line":102},
{"addr":152,"line":103},
{"addr":153,"line":104},
{"addr":154,"line":108},
{"addr":155,"line":109},
{"addr":157,"line":110},
{"addr":158,"line":111},
{"addr":160,"line":112},
{"addr":161,"line":113},
{"addr":162,"line":114},
{"addr":164,"line":115},
{"addr":165,"line":116},
{"addr":167,"line":117},
{"addr":168,"line":118},
{"addr":169,"line":122},
{"addr":170,"line":123},
{"addr":171,"line":124},
{"addr":172,"line":125},
{"addr":173,"line":126},
{"addr":174,"line":127},
{"addr":176,"line":128},
{"addr":178,"line":129},
{"addr":179,"line":130},
{"addr":180,"line":131},
{"addr":181,"line":132},
{"addr":182,"line":135},
{"addr":183,"line":136},
{"addr":184,"line":137},
{"addr":185,"line":138},
{"addr":186,"line":139},
{"addr":188,"line":140},
{"addr":189,"line":141},
{"addr":190,"line":142},
{"addr":191,"line":143},
{"addr":192,"line":147},
{"addr":193,"line":148},
{"addr":194,"line":149},
{"addr":195,"line":150},
{"addr":196,"line":151},
{"addr":197,"line":152},
{"addr":198,"line":153},
{"addr":199,"line":154},
{"addr":201,"line":155},
{"addr":203,"line":156},
{"addr":204,"line":157},
{"addr":205,"line":158},
{"addr":206,"line":159},
{"addr":207,"line":160},
{"addr":208,"line":161},
{"addr":209,"line":162},
{"addr":210,"line":163},
{"addr":211,"line":166},
{"addr":212,"line":167},
{"addr":213,"line":168},
{"addr":214,"line":169},
{"addr":215,"line":170},
{"addr":216,"line":171},
{"addr":217,"line":172},
{"addr":218,"line":173},
{"addr":219,"line":174},
{"addr":220,"line":175},
{"addr":221,"line":176},
{"addr":222,"line":177},
{"addr":223,"line":178},
{"addr":224,"line":179},
{"addr":225,"line":180},
{"addr":226,"line":181},
{"addr":227,"line":182},
{"addr":228,"line":183},
{"addr":229,"line":184},
{"addr":230,"line":185},
{"addr":231,"line":186},
{"addr":232,"line":187},
{"addr":233,"line":188},
{"addr":234,"line":191},
{"addr":235,"line":192},
{"addr":236,"line":193},
{"addr":237,"line":194},
{"addr":238,"line":195},
{"addr":239,"line":196},
{"addr":240,"line":197},
{"addr":241,"line":198},
{"addr":242,"line":199},
{"addr":243,"line":200},
{"addr":244,"line":201},
{"addr":245,"line":202},
{"addr":246,"line":203},
{"addr":247,"line":204},
{"addr":248,"line":205},
{"addr":249,"line":208},
{"addr":250,"line":209},
{"addr":251,"line":210},
{"addr":252,"line":211},
{"addr":253,"line":212},
{"addr":255,"line":213},
{"addr":256,"line":214},
{"addr":257,"line":215},
{"addr":258,"line":218},
{"addr":259,"line":219},
{"addr":260,"line":220},
{"addr":261,"line":221},
{"addr":263,"line":222},
{"addr":264,"line":223},
{"addr":265,"line":224},
{"addr":266,"line":225},
{"addr":267,"line":229},
{"addr":268,"line":230},
{"addr":269,"line":231},
{"addr":270,"line":232},
{"addr":271,"line":233},
{"addr":272,"line":234},
{"addr":274,"line":235},
{"addr":275,"line":236},
{"addr":276,"line":237},
{"addr":277,"line":238},
{"addr":278,"line":239},
{"addr":279,"line":240},
{"addr":280,"line":241},
{"addr":281,"line":244},
{"addr":282,"line":245},
{"addr":283,"line":246},
{"addr":284,"line":247},
{"addr":285,"line":248},
{"addr":286,"line":249},
{"addr":287,"line":250},
{"addr":288,"line":251},
{"addr":289,"line":252},
{"addr":290,"line":253},
{"addr":291,"line":254},
{"addr":292,"line":255},
{"addr":293,"line":258},
{"addr":294,"line":259},
{"addr":295,"line":260},
{"addr":296,"line":261},
{"addr":297,"line":262},
{"addr":298,"line":263},
{"addr":299,"line":264},
{"addr":300,"line":265},
{"addr":301,"line":266},
{"addr":302,"line":267},
{"addr":303,"line":268},
{"addr":304,"line":269},
{"addr":305,"line":272},
{"addr":306,"line":273},
{"addr":307,"line":274},
{"addr":308,"line":275},
{"addr":309,"line":276},
{"addr":310,"line":277},
{"addr":311,"line":278},
{"addr":312,"line":279},
{"addr":313,"line":280},
{"addr":314,"line":281},
{"addr":315,"line":282},
{"addr":316,"line":283},
{"addr":317,"line":289},
{"addr":318,"line":290},
{"addr":319,"line":291},
{"addr":320,"line":292},
{"addr":325,"line":293},
{"addr":326,"line":294},
{"addr":331,"line":295},
{"addr":332,"line":296},
{"addr":333,"line":298},
{"addr":334,"line":299},
{"addr":339,"line":301},
{"addr":340,"line":304},
{"addr":341,"line":305},
{"addr":346,"line":307},
{"addr":347,"line":308},
{"addr":352,"line":310},
{"addr":353,"line":311},
{"addr":354,"line":317},
{"addr":355,"line":318},
{"addr":356,"line":319},
{"addr":357,"line":320},
{"addr":358,"line":321},
{"addr":359,"line":322},
{"addr":362,"line":330},
{"addr":363,"line":331},
{"addr":364,"line":332},
{"addr":366,"line":333},
{"addr":367,"line":334},
{"addr":369,"line":335},
{"addr":370,"line":336},
{"addr":371,"line":337},
{"addr":373,"line":338},
{"addr":374,"line":339},
{"addr":376,"line":340},
{"addr":379,"line":344},
{"addr":380,"line":345},
{"addr":381,"line":346},
{"addr":382,"line":347},
{"addr":383,"line":348},
{"addr":385,"line":349},
{"addr":386,"line":350},
{"addr":388,"line":351},
{"addr":389,"line":352}]